// Jest Snapshot v1, https://goo.gl/fbAQLP

exports[`should render TileSet should be able to mount the component 1`] = `
<div>
  <div
    class="sc-EHOje eqfsHd"
  >
    <div
      class="sc-ifAKCX dEMnFe"
    >
      <div
        class="sc-bxivhb WGaQA"
        color="#f3f3f3"
      >
        <div
          class="top-buttons"
        >
          <button
            class="sc-bdVaJa iibjPH"
          >
            ✖
          </button>
        </div>
        <span
          class="sc-bwzfXH iyaRUM"
        >
          D_1
        </span>
        <span
          class="sc-htpNat fPitBk"
        >
          Dummy1
        </span>
      </div>
    </div>
    <div
      class="sc-ifAKCX dEMnFe"
    >
      <div
        class="sc-bxivhb klfMum"
        color="#f2f2f2"
      >
        <div
          class="top-buttons"
        >
          <button
            class="sc-bdVaJa iibjPH"
          >
            ✖
          </button>
        </div>
        <span
          class="sc-bwzfXH iyaRUM"
        >
          D_2
        </span>
        <span
          class="sc-htpNat fPitBk"
        >
          Dummy2
        </span>
      </div>
    </div>
  </div>
</div>
`;
